<?xml version="1.0"?>
<map>
 <platform>
  <vertex>
   <x>
    -167
   </x>
   <y>
    55
   </y>
  </vertex>
  <vertex>
   <x>
    -69
   </x>
   <y>
    79
   </y>
  </vertex>
  <vertex>
   <x>
    63
   </x>
   <y>
    76
   </y>
  </vertex>
  <vertex>
   <x>
    153
   </x>
   <y>
    31
   </y>
  </vertex>
  <vertex>
   <x>
    240
   </x>
   <y>
    -82
   </y>
  </vertex>
  <vertex>
   <x>
    241
   </x>
   <y>
    -158
   </y>
  </vertex>
 </platform>
 <platform>
  <vertex>
   <x>
    -137
   </x>
   <y>
    31
   </y>
  </vertex>
  <vertex>
   <x>
    -78
   </x>
   <y>
    15
   </y>
  </vertex>
  <vertex>
   <x>
    5
   </x>
   <y>
    15
   </y>
  </vertex>
  <vertex>
   <x>
    72
   </x>
   <y>
    38
   </y>
  </vertex>
 </platform>
 <platform>
  <vertex>
   <x>
    150
   </x>
   <y>
    -143
   </y>
  </vertex>
  <vertex>
   <x>
    96
   </x>
   <y>
    -91
   </y>
  </vertex>
  <vertex>
   <x>
    54
   </x>
   <y>
    -116
   </y>
  </vertex>
  <vertex>
   <x>
    -36
   </x>
   <y>
    -112
   </y>
  </vertex>
 </platform>
</map>
