<?xml version="1.0"?>
<map>
 <platform>
  <vertex>
   <x>
    -157
   </x>
   <y>
    9
   </y>
  </vertex>
  <vertex>
   <x>
    -108
   </x>
   <y>
    10
   </y>
  </vertex>
  <vertex>
   <x>
    -23
   </x>
   <y>
    -39
   </y>
  </vertex>
  <vertex>
   <x>
    25
   </x>
   <y>
    -38
   </y>
  </vertex>
 </platform>
 <platform>
  <vertex>
   <x>
    -115
   </x>
   <y>
    -14
   </y>
  </vertex>
  <vertex>
   <x>
    -66
   </x>
   <y>
    -15
   </y>
  </vertex>
  <vertex>
   <x>
    -23
   </x>
   <y>
    10
   </y>
  </vertex>
  <vertex>
   <x>
    21
   </x>
   <y>
    10
   </y>
  </vertex>
  <vertex>
   <x>
    64
   </x>
   <y>
    -14
   </y>
  </vertex>
 </platform>
 <bitmap>
  <filename>
   data/platform.png
  </filename>
  <id>
   0
  </id>
 </bitmap>
 <bitmap>
  <filename>
   data/platform_slope30.png
  </filename>
  <id>
   1
  </id>
 </bitmap>
 <bitmap>
  <filename>
   data/platform_slope-30.png
  </filename>
  <id>
   2
  </id>
 </bitmap>
 <sprite>
  <id>
   0
  </id>
  <x>
   -26
  </x>
  <y>
   10
  </y>
 </sprite>
 <sprite>
  <id>
   1
  </id>
  <x>
   -69
  </x>
  <y>
   -15
  </y>
 </sprite>
 <sprite>
  <id>
   2
  </id>
  <x>
   21
  </x>
  <y>
   -16
  </y>
 </sprite>
 <sprite>
  <id>
   2
  </id>
  <x>
   -110
  </x>
  <y>
   -16
  </y>
 </sprite>
 <sprite>
  <id>
   0
  </id>
  <x>
   -157
  </x>
  <y>
   9
  </y>
 </sprite>
 <sprite>
  <id>
   0
  </id>
  <x>
   -115
  </x>
  <y>
   -14
  </y>
 </sprite>
 <sprite>
  <id>
   2
  </id>
  <x>
   -68
  </x>
  <y>
   -40
  </y>
 </sprite>
 <sprite>
  <id>
   0
  </id>
  <x>
   -25
  </x>
  <y>
   -39
  </y>
 </sprite>
</map>
